// Jest Snapshot v1, https://goo.gl/fbAQLP

exports[`<Posts /> should match snapshot 1`] = `
<div
  class="posts"
>
  <div
    class="post"
  >
    <img
      alt="title 1"
      class="imgCard"
      src="img/img1.png"
    />
    <div
      class="post-content"
    >
      <h1
        class="title-post"
      >
        title 1
        , 
        1
      </h1>
      <p>
        body 1
      </p>
    </div>
  </div>
  <div
    class="post"
  >
    <img
      alt="title 2"
      class="imgCard"
      src="img/img2.png"
    />
    <div
      class="post-content"
    >
      <h1
        class="title-post"
      >
        title 2
        , 
        2
      </h1>
      <p>
        body 2
      </p>
    </div>
  </div>
  <div
    class="post"
  >
    <img
      alt="title 3"
      class="imgCard"
      src="img/img3.png"
    />
    <div
      class="post-content"
    >
      <h1
        class="title-post"
      >
        title 3
        , 
        3
      </h1>
      <p>
        body 3
      </p>
    </div>
  </div>
</div>
`;
